<html>
<body>
<pre>
<h1>µVision Build Log</h1>
<h2>Tool Versions:</h2>
IDE-Version: µVision V5.29.0.0
Copyright (C) 2019 ARM Ltd and ARM Germany GmbH. All rights reserved.
License Information: Mohamed Sayed, kkk, LIC=----
 
Tool Versions:
Toolchain:       MDK-Lite  Version: 5.29.0.0
Toolchain Path:  C:\Keil_v5\ARM\ARMCC\Bin
C Compiler:      Armcc.exe V5.06 update 6 (build 750)
Assembler:       Armasm.exe V5.06 update 6 (build 750)
Linker/Locator:  ArmLink.exe V5.06 update 6 (build 750)
Library Manager: ArmAr.exe V5.06 update 6 (build 750)
Hex Converter:   FromElf.exe V5.06 update 6 (build 750)
CPU DLL:         SARM.DLL V5.29.0.0
Dialog DLL:      DARMP.DLL V1.53.0.0
Target DLL:      UL2ARM.DLL V1.74.10.0
Dialog DLL:      TARMP.DLL V1.53.0.0
 
<h2>Project:</h2>
C:\Users\AIO\Desktop\Sprints\RTOS\FreeRTOS-Kernel-10.3.0\FreeRTOS-Kernel-10.3.0\FreeRTOS\Demo\ARM7_LPC2129_Keil_RVDS\RTOSDemo.uvproj
Project File Date:  07/04/2023

<h2>Output:</h2>
*** Using Compiler 'V5.06 update 6 (build 750)', folder: 'C:\Keil_v5\ARM\ARMCC\Bin'
Rebuild target 'RTOSDemo_THUMB'
compiling GPIO_cfg.c...
assembling serialISR.s...
compiling ParTest.c...
compiling serial.c...
Starter_Files_V1\Starter_Files_V1\source\serial.c(185): warning:  #550-D: variable "cChar"  was set but never used
  signed char cChar;
Starter_Files_V1\Starter_Files_V1\source\serial.c: 1 warning, 0 errors
compiling GPIO.c...
Starter_Files_V1\Starter_Files_V1\source\GPIO.c(49): warning:  #127-D: expected a statement
  		}
Starter_Files_V1\Starter_Files_V1\source\GPIO.c: 1 warning, 0 errors
assembling Startup.s...
compiling main.c...
assembling portASM.s...
compiling list.c...
compiling port.c...
compiling heap_2.c...
compiling queue.c...
compiling tasks.c...
linking...
Program Size: Code=7808 RO-data=32 RW-data=216 ZI-data=15360  
FromELF: creating hex file...
".\bin\RTOSDemo.axf" - 0 Error(s), 2 Warning(s).
Build Time Elapsed:  00:00:03
</pre>
</body>
</html>
